mode: set
podvibe/cmd/api/main.go:23.13,28.16 4 0
podvibe/cmd/api/main.go:28.16,30.3 1 0
podvibe/cmd/api/main.go:31.2,34.16 3 0
podvibe/cmd/api/main.go:34.16,36.3 1 0
podvibe/cmd/api/main.go:37.2,48.16 1 0
podvibe/cmd/api/main.go:48.16,50.3 1 0
podvibe/cmd/api/main.go:52.2,53.16 2 0
podvibe/cmd/api/main.go:53.16,55.3 1 0
podvibe/cmd/api/main.go:58.2,111.41 36 0
podvibe/cmd/api/main.go:111.41,114.3 2 0
podvibe/internal/auth/jwt.go:22.116,34.16 4 1
podvibe/internal/auth/jwt.go:34.16,36.3 1 0
podvibe/internal/auth/jwt.go:38.2,41.16 4 1
podvibe/internal/auth/jwt.go:41.16,43.3 1 0
podvibe/internal/auth/jwt.go:44.2,44.39 1 1
podvibe/internal/auth/jwt.go:48.59,49.101 1 1
podvibe/internal/auth/jwt.go:49.101,51.3 1 1
podvibe/internal/auth/jwt.go:52.2,52.16 1 1
podvibe/internal/auth/jwt.go:52.16,54.3 1 0
podvibe/internal/auth/jwt.go:55.2,55.61 1 1
podvibe/internal/auth/jwt.go:55.61,57.3 1 1
podvibe/internal/auth/jwt.go:58.2,58.41 1 0
podvibe/internal/auth/jwt.go:62.48,63.30 1 1
podvibe/internal/auth/jwt.go:63.30,65.23 2 1
podvibe/internal/auth/jwt.go:65.23,68.4 2 0
podvibe/internal/auth/jwt.go:69.3,70.64 2 1
podvibe/internal/auth/jwt.go:70.64,73.4 2 0
podvibe/internal/auth/jwt.go:74.3,75.17 2 1
podvibe/internal/auth/jwt.go:75.17,78.4 2 0
podvibe/internal/auth/jwt.go:79.3,81.11 3 1
podvibe/internal/auth/jwt.go:86.51,88.26 2 0
podvibe/internal/auth/jwt.go:88.26,90.3 1 0
podvibe/internal/auth/jwt.go:91.2,91.30 1 0
podvibe/internal/auth/jwt.go:91.30,93.34 2 0
podvibe/internal/auth/jwt.go:93.34,96.4 2 0
podvibe/internal/auth/jwt.go:97.3,97.11 1 0
podvibe/internal/auth/jwt.go:108.34,109.41 1 1
podvibe/internal/auth/jwt.go:109.41,110.31 1 1
podvibe/internal/auth/jwt.go:110.31,112.4 1 1
podvibe/internal/auth/jwt.go:114.2,114.10 1 0
podvibe/internal/handlers/admin.go:17.95,19.2 1 0
podvibe/internal/handlers/admin.go:21.50,25.40 4 0
podvibe/internal/handlers/admin.go:25.40,28.3 2 0
podvibe/internal/handlers/admin.go:29.2,31.16 3 0
podvibe/internal/handlers/admin.go:31.16,34.3 2 0
podvibe/internal/handlers/admin.go:35.2,35.99 1 0
podvibe/internal/handlers/admin.go:38.48,40.50 2 0
podvibe/internal/handlers/admin.go:40.50,43.3 2 0
podvibe/internal/handlers/admin.go:44.2,44.25 1 0
podvibe/internal/handlers/admin.go:47.50,49.52 2 0
podvibe/internal/handlers/admin.go:49.52,52.3 2 0
podvibe/internal/handlers/admin.go:53.2,53.25 1 0
podvibe/internal/handlers/admin.go:56.54,58.56 2 0
podvibe/internal/handlers/admin.go:58.56,61.3 2 0
podvibe/internal/handlers/admin.go:62.2,62.32 1 0
podvibe/internal/handlers/admin.go:65.54,67.56 2 0
podvibe/internal/handlers/admin.go:67.56,70.3 2 0
podvibe/internal/handlers/admin.go:71.2,71.32 1 0
podvibe/internal/handlers/auth.go:15.62,17.2 1 0
podvibe/internal/handlers/auth.go:26.48,28.24 2 0
podvibe/internal/handlers/auth.go:28.24,30.3 1 0
podvibe/internal/handlers/auth.go:31.2,32.16 2 0
podvibe/internal/handlers/auth.go:32.16,35.3 2 0
podvibe/internal/handlers/auth.go:36.2,40.4 1 0
podvibe/internal/handlers/auth.go:48.45,50.24 2 0
podvibe/internal/handlers/auth.go:50.24,52.3 1 0
podvibe/internal/handlers/auth.go:53.2,54.16 2 0
podvibe/internal/handlers/auth.go:54.16,56.36 2 0
podvibe/internal/handlers/auth.go:56.36,58.4 1 0
podvibe/internal/handlers/auth.go:59.3,60.9 2 0
podvibe/internal/handlers/auth.go:62.2,66.4 1 0
podvibe/internal/handlers/auth.go:73.47,75.24 2 0
podvibe/internal/handlers/auth.go:75.24,77.3 1 0
podvibe/internal/handlers/auth.go:78.2,79.16 2 0
podvibe/internal/handlers/auth.go:79.16,81.36 2 0
podvibe/internal/handlers/auth.go:81.36,83.4 1 0
podvibe/internal/handlers/auth.go:84.3,85.9 2 0
podvibe/internal/handlers/auth.go:87.2,90.4 1 0
podvibe/internal/handlers/comments.go:18.110,20.2 1 0
podvibe/internal/handlers/comments.go:26.49,30.24 4 0
podvibe/internal/handlers/comments.go:30.24,32.3 1 0
podvibe/internal/handlers/comments.go:33.2,33.74 1 0
podvibe/internal/handlers/comments.go:33.74,36.3 2 0
podvibe/internal/handlers/comments.go:37.2,37.30 1 0
podvibe/internal/handlers/comments.go:40.47,44.16 4 0
podvibe/internal/handlers/comments.go:44.16,47.3 2 0
podvibe/internal/handlers/comments.go:48.2,49.22 2 0
podvibe/internal/handlers/comments.go:49.22,58.3 1 0
podvibe/internal/handlers/comments.go:59.2,59.99 1 0
podvibe/internal/handlers/comments.go:62.49,66.73 4 0
podvibe/internal/handlers/comments.go:66.73,69.3 2 0
podvibe/internal/handlers/comments.go:70.2,70.32 1 0
podvibe/internal/handlers/common.go:11.69,13.2 1 0
podvibe/internal/handlers/common.go:15.49,17.14 2 0
podvibe/internal/handlers/common.go:17.14,19.3 1 0
podvibe/internal/handlers/common.go:20.2,21.37 2 0
podvibe/internal/handlers/common.go:21.37,23.3 1 0
podvibe/internal/handlers/common.go:24.2,24.23 1 0
podvibe/internal/handlers/common.go:27.53,28.46 1 0
podvibe/internal/handlers/common.go:28.46,31.3 2 0
podvibe/internal/handlers/common.go:32.2,32.13 1 0
podvibe/internal/handlers/episodes.go:25.141,27.2 1 0
podvibe/internal/handlers/episodes.go:29.49,32.17 3 0
podvibe/internal/handlers/episodes.go:32.17,35.3 2 0
podvibe/internal/handlers/episodes.go:36.2,38.16 3 0
podvibe/internal/handlers/episodes.go:38.16,41.3 2 0
podvibe/internal/handlers/episodes.go:42.2,43.16 2 0
podvibe/internal/handlers/episodes.go:43.16,46.3 2 0
podvibe/internal/handlers/episodes.go:47.2,52.16 6 0
podvibe/internal/handlers/episodes.go:52.16,55.3 2 0
podvibe/internal/handlers/episodes.go:56.2,58.16 3 0
podvibe/internal/handlers/episodes.go:58.16,61.3 2 0
podvibe/internal/handlers/episodes.go:62.2,62.52 1 0
podvibe/internal/handlers/episodes.go:65.37,66.53 1 0
podvibe/internal/handlers/episodes.go:66.53,66.96 1 0
podvibe/internal/handlers/episodes.go:67.2,68.26 2 0
podvibe/internal/handlers/episodes.go:68.26,70.14 2 0
podvibe/internal/handlers/episodes.go:70.14,72.4 1 0
podvibe/internal/handlers/episodes.go:74.2,74.12 1 0
podvibe/internal/handlers/episodes.go:77.46,80.16 3 0
podvibe/internal/handlers/episodes.go:80.16,83.3 2 0
podvibe/internal/handlers/episodes.go:84.2,84.47 1 0
podvibe/internal/handlers/episodes.go:87.57,91.16 4 0
podvibe/internal/handlers/episodes.go:91.16,94.3 2 0
podvibe/internal/handlers/episodes.go:95.2,96.22 2 0
podvibe/internal/handlers/episodes.go:96.22,98.3 1 0
podvibe/internal/handlers/episodes.go:99.2,99.99 1 0
podvibe/internal/handlers/episodes.go:102.47,104.53 2 0
podvibe/internal/handlers/episodes.go:104.53,107.3 2 0
podvibe/internal/handlers/episodes.go:108.2,108.31 1 0
podvibe/internal/handlers/episodes.go:111.50,114.16 3 0
podvibe/internal/handlers/episodes.go:114.16,117.3 2 0
podvibe/internal/handlers/episodes.go:118.2,119.22 2 0
podvibe/internal/handlers/episodes.go:119.22,121.3 1 0
podvibe/internal/handlers/episodes.go:122.2,122.99 1 0
podvibe/internal/handlers/episodes.go:125.69,127.28 2 0
podvibe/internal/handlers/episodes.go:127.28,129.3 1 0
podvibe/internal/handlers/episodes.go:130.2,144.3 1 0
podvibe/internal/handlers/feed.go:16.62,18.2 1 0
podvibe/internal/handlers/feed.go:20.44,24.16 4 0
podvibe/internal/handlers/feed.go:24.16,27.3 2 0
podvibe/internal/handlers/feed.go:28.2,29.27 2 0
podvibe/internal/handlers/feed.go:29.27,41.3 1 0
podvibe/internal/handlers/feed.go:42.2,42.98 1 0
podvibe/internal/handlers/follows.go:17.71,19.2 1 0
podvibe/internal/handlers/follows.go:21.48,24.62 3 0
podvibe/internal/handlers/follows.go:24.62,27.3 2 0
podvibe/internal/handlers/follows.go:28.2,28.30 1 0
podvibe/internal/handlers/follows.go:31.50,34.64 3 0
podvibe/internal/handlers/follows.go:34.64,37.3 2 0
podvibe/internal/handlers/follows.go:38.2,38.32 1 0
podvibe/internal/handlers/follows.go:41.51,45.16 4 0
podvibe/internal/handlers/follows.go:45.16,48.3 2 0
podvibe/internal/handlers/follows.go:49.2,50.25 2 0
podvibe/internal/handlers/follows.go:50.25,52.3 1 0
podvibe/internal/handlers/follows.go:53.2,53.99 1 0
podvibe/internal/handlers/follows.go:56.51,60.16 4 0
podvibe/internal/handlers/follows.go:60.16,63.3 2 0
podvibe/internal/handlers/follows.go:64.2,65.25 2 0
podvibe/internal/handlers/follows.go:65.25,67.3 1 0
podvibe/internal/handlers/follows.go:68.2,68.99 1 0
podvibe/internal/handlers/likes.go:17.63,19.2 1 0
podvibe/internal/handlers/likes.go:21.44,24.52 3 0
podvibe/internal/handlers/likes.go:24.52,27.3 2 0
podvibe/internal/handlers/likes.go:28.2,28.30 1 0
podvibe/internal/handlers/likes.go:31.46,34.54 3 0
podvibe/internal/handlers/likes.go:34.54,37.3 2 0
podvibe/internal/handlers/likes.go:38.2,38.32 1 0
podvibe/internal/handlers/playlists.go:17.79,19.2 1 0
podvibe/internal/handlers/playlists.go:26.50,29.24 3 0
podvibe/internal/handlers/playlists.go:29.24,31.3 1 0
podvibe/internal/handlers/playlists.go:32.2,33.16 2 0
podvibe/internal/handlers/playlists.go:33.16,36.3 2 0
podvibe/internal/handlers/playlists.go:37.2,37.32 1 0
podvibe/internal/handlers/playlists.go:40.47,43.16 3 0
podvibe/internal/handlers/playlists.go:43.16,46.3 2 0
podvibe/internal/handlers/playlists.go:47.2,49.16 3 0
podvibe/internal/handlers/playlists.go:49.16,52.3 2 0
podvibe/internal/handlers/playlists.go:53.2,53.115 1 0
podvibe/internal/handlers/playlists.go:56.54,60.16 4 0
podvibe/internal/handlers/playlists.go:60.16,63.3 2 0
podvibe/internal/handlers/playlists.go:64.2,64.98 1 0
podvibe/internal/handlers/playlists.go:71.51,76.24 5 0
podvibe/internal/handlers/playlists.go:76.24,78.3 1 0
podvibe/internal/handlers/playlists.go:79.2,79.91 1 0
podvibe/internal/handlers/playlists.go:79.91,82.3 2 0
podvibe/internal/handlers/playlists.go:83.2,83.30 1 0
podvibe/internal/handlers/playlists.go:86.54,91.93 5 0
podvibe/internal/handlers/playlists.go:91.93,94.3 2 0
podvibe/internal/handlers/playlists.go:95.2,95.32 1 0
podvibe/internal/handlers/podcasts.go:23.141,25.2 1 0
podvibe/internal/handlers/podcasts.go:27.49,30.17 3 0
podvibe/internal/handlers/podcasts.go:30.17,33.3 2 0
podvibe/internal/handlers/podcasts.go:34.2,37.16 3 0
podvibe/internal/handlers/podcasts.go:37.16,40.3 2 0
podvibe/internal/handlers/podcasts.go:42.2,43.33 2 0
podvibe/internal/handlers/podcasts.go:43.33,48.55 5 0
podvibe/internal/handlers/podcasts.go:48.55,51.4 2 0
podvibe/internal/handlers/podcasts.go:54.2,60.4 1 0
podvibe/internal/handlers/podcasts.go:63.46,66.16 3 0
podvibe/internal/handlers/podcasts.go:66.16,69.3 2 0
podvibe/internal/handlers/podcasts.go:70.2,72.16 3 0
podvibe/internal/handlers/podcasts.go:72.16,75.3 2 0
podvibe/internal/handlers/podcasts.go:76.2,86.4 1 0
podvibe/internal/handlers/podcasts.go:89.99,91.16 2 0
podvibe/internal/handlers/podcasts.go:91.16,93.3 1 0
podvibe/internal/handlers/podcasts.go:94.2,95.26 2 0
podvibe/internal/handlers/podcasts.go:95.26,107.3 1 0
podvibe/internal/handlers/podcasts.go:108.2,108.26 1 0
podvibe/internal/handlers/podcasts.go:111.53,115.16 4 0
podvibe/internal/handlers/podcasts.go:115.16,118.3 2 0
podvibe/internal/handlers/podcasts.go:119.2,120.25 2 0
podvibe/internal/handlers/podcasts.go:120.25,128.3 1 0
podvibe/internal/handlers/podcasts.go:129.2,129.99 1 0
podvibe/internal/handlers/podcasts.go:132.49,139.67 7 0
podvibe/internal/handlers/podcasts.go:139.67,144.55 5 0
podvibe/internal/handlers/podcasts.go:144.55,146.4 1 0
podvibe/internal/handlers/podcasts.go:148.2,148.97 1 0
podvibe/internal/handlers/podcasts.go:148.97,151.3 2 0
podvibe/internal/handlers/podcasts.go:152.2,152.25 1 0
podvibe/internal/handlers/podcasts.go:155.49,159.66 4 0
podvibe/internal/handlers/podcasts.go:159.66,162.3 2 0
podvibe/internal/handlers/podcasts.go:163.2,163.32 1 0
podvibe/internal/handlers/users.go:18.63,20.2 1 0
podvibe/internal/handlers/users.go:22.41,23.14 1 0
podvibe/internal/handlers/users.go:23.14,25.3 1 0
podvibe/internal/handlers/users.go:26.2,34.3 1 0
podvibe/internal/handlers/users.go:37.47,38.14 1 0
podvibe/internal/handlers/users.go:38.14,40.3 1 0
podvibe/internal/handlers/users.go:41.2,47.3 1 0
podvibe/internal/handlers/users.go:50.42,53.16 3 0
podvibe/internal/handlers/users.go:53.16,56.3 2 0
podvibe/internal/handlers/users.go:57.2,57.43 1 0
podvibe/internal/handlers/users.go:65.48,68.24 3 0
podvibe/internal/handlers/users.go:68.24,70.3 1 0
podvibe/internal/handlers/users.go:71.2,72.16 2 0
podvibe/internal/handlers/users.go:72.16,75.3 2 0
podvibe/internal/handlers/users.go:76.2,76.43 1 0
podvibe/internal/handlers/users.go:79.43,83.16 4 0
podvibe/internal/handlers/users.go:83.16,86.3 2 0
podvibe/internal/handlers/users.go:87.2,87.49 1 0
podvibe/internal/handlers/users.go:90.46,94.16 4 0
podvibe/internal/handlers/users.go:94.16,97.3 2 0
podvibe/internal/handlers/users.go:98.2,99.23 2 0
podvibe/internal/handlers/users.go:99.23,101.3 1 0
podvibe/internal/handlers/users.go:102.2,107.4 1 0
podvibe/internal/config/config.go:21.37,22.34 1 0
podvibe/internal/config/config.go:22.34,24.3 1 0
podvibe/internal/config/config.go:25.2,25.12 1 0
podvibe/internal/config/config.go:29.20,39.16 9 0
podvibe/internal/config/config.go:39.16,42.3 2 0
podvibe/internal/config/config.go:43.2,44.16 2 0
podvibe/internal/config/config.go:44.16,47.3 2 0
podvibe/internal/config/config.go:49.2,57.3 1 0
podvibe/internal/server/server.go:25.15,57.2 22 0
podvibe/internal/server/server.go:57.2,81.3 16 0
podvibe/internal/server/server.go:83.2,85.2 3 0
podvibe/internal/server/server.go:85.2,91.3 5 0
podvibe/internal/server/server.go:93.2,93.54 1 0
podvibe/internal/server/server.go:93.54,95.3 1 0
podvibe/internal/server/server.go:97.2,97.15 1 0
podvibe/internal/repositories/comment_repository.go:13.59,15.2 1 0
podvibe/internal/repositories/comment_repository.go:17.74,19.2 1 0
podvibe/internal/repositories/comment_repository.go:21.119,25.46 4 0
podvibe/internal/repositories/comment_repository.go:25.46,27.3 1 0
podvibe/internal/repositories/comment_repository.go:28.2,28.115 1 0
podvibe/internal/repositories/comment_repository.go:28.115,30.3 1 0
podvibe/internal/repositories/comment_repository.go:31.2,31.25 1 0
podvibe/internal/repositories/comment_repository.go:34.55,36.2 1 0
podvibe/internal/repositories/comment_repository.go:38.79,40.49 2 0
podvibe/internal/repositories/comment_repository.go:40.49,42.3 1 0
podvibe/internal/repositories/comment_repository.go:43.2,43.16 1 0
podvibe/internal/repositories/episode_repository.go:15.59,17.2 1 0
podvibe/internal/repositories/episode_repository.go:19.82,20.50 1 0
podvibe/internal/repositories/episode_repository.go:20.50,21.50 1 0
podvibe/internal/repositories/episode_repository.go:21.50,23.4 1 0
podvibe/internal/repositories/episode_repository.go:24.3,24.26 1 0
podvibe/internal/repositories/episode_repository.go:24.26,26.47 2 0
podvibe/internal/repositories/episode_repository.go:26.47,28.5 1 0
podvibe/internal/repositories/episode_repository.go:30.3,30.13 1 0
podvibe/internal/repositories/episode_repository.go:34.72,36.93 2 0
podvibe/internal/repositories/episode_repository.go:36.93,38.3 1 0
podvibe/internal/repositories/episode_repository.go:39.2,39.16 1 0
podvibe/internal/repositories/episode_repository.go:42.112,46.46 4 0
podvibe/internal/repositories/episode_repository.go:46.46,48.3 1 0
podvibe/internal/repositories/episode_repository.go:49.2,49.117 1 0
podvibe/internal/repositories/episode_repository.go:49.117,51.3 1 0
podvibe/internal/repositories/episode_repository.go:52.2,52.25 1 0
podvibe/internal/repositories/episode_repository.go:55.63,57.2 1 0
podvibe/internal/repositories/episode_repository.go:59.55,61.2 1 0
podvibe/internal/repositories/episode_repository.go:63.82,68.2 1 0
podvibe/internal/repositories/episode_repository.go:70.89,74.46 4 0
podvibe/internal/repositories/episode_repository.go:74.46,76.3 1 0
podvibe/internal/repositories/episode_repository.go:77.2,77.114 1 0
podvibe/internal/repositories/episode_repository.go:77.114,79.3 1 0
podvibe/internal/repositories/episode_repository.go:80.2,80.25 1 0
podvibe/internal/repositories/episode_repository.go:83.86,89.2 1 0
podvibe/internal/repositories/episode_repository.go:91.79,93.2 1 0
podvibe/internal/repositories/episode_repository.go:95.70,97.111 2 0
podvibe/internal/repositories/episode_repository.go:97.111,99.3 1 0
podvibe/internal/repositories/episode_repository.go:100.2,100.18 1 0
podvibe/internal/repositories/episode_repository.go:103.65,105.118 2 0
podvibe/internal/repositories/episode_repository.go:105.118,107.3 1 0
podvibe/internal/repositories/episode_repository.go:108.2,108.20 1 0
podvibe/internal/repositories/episode_repository.go:108.20,110.3 1 0
podvibe/internal/repositories/episode_repository.go:111.2,112.121 2 0
podvibe/internal/repositories/episode_repository.go:112.121,114.3 1 0
podvibe/internal/repositories/episode_repository.go:115.2,115.18 1 0
podvibe/internal/repositories/episode_repository.go:115.18,117.3 1 0
podvibe/internal/repositories/episode_repository.go:118.2,118.21 1 0
podvibe/internal/repositories/feed_repository.go:19.53,21.2 1 0
podvibe/internal/repositories/feed_repository.go:24.105,27.28 3 0
podvibe/internal/repositories/feed_repository.go:27.28,29.3 1 0
podvibe/internal/repositories/feed_repository.go:30.2,33.46 2 0
podvibe/internal/repositories/feed_repository.go:33.46,35.3 1 0
podvibe/internal/repositories/feed_repository.go:36.2,40.33 1 0
podvibe/internal/repositories/feed_repository.go:40.33,42.3 1 0
podvibe/internal/repositories/feed_repository.go:43.2,43.25 1 0
podvibe/internal/repositories/follow_repository.go:13.57,15.2 1 0
podvibe/internal/repositories/follow_repository.go:17.66,20.2 2 0
podvibe/internal/repositories/follow_repository.go:22.68,24.2 1 0
podvibe/internal/repositories/follow_repository.go:26.103,30.46 4 0
podvibe/internal/repositories/follow_repository.go:30.46,32.3 1 0
podvibe/internal/repositories/follow_repository.go:33.2,33.115 1 0
podvibe/internal/repositories/follow_repository.go:33.115,35.3 1 0
podvibe/internal/repositories/follow_repository.go:36.2,36.25 1 0
podvibe/internal/repositories/follow_repository.go:39.103,43.46 4 0
podvibe/internal/repositories/follow_repository.go:43.46,45.3 1 0
podvibe/internal/repositories/follow_repository.go:46.2,46.115 1 0
podvibe/internal/repositories/follow_repository.go:46.115,48.3 1 0
podvibe/internal/repositories/follow_repository.go:49.2,49.25 1 0
podvibe/internal/repositories/follow_repository.go:52.70,54.119 2 0
podvibe/internal/repositories/follow_repository.go:54.119,56.3 1 0
podvibe/internal/repositories/follow_repository.go:57.2,57.17 1 0
podvibe/internal/repositories/like_repository.go:13.53,15.2 1 0
podvibe/internal/repositories/like_repository.go:17.61,20.2 2 0
podvibe/internal/repositories/like_repository.go:22.63,24.2 1 0
podvibe/internal/repositories/like_repository.go:26.71,28.137 2 0
podvibe/internal/repositories/like_repository.go:28.137,30.3 1 0
podvibe/internal/repositories/like_repository.go:31.2,31.23 1 0
podvibe/internal/repositories/playlist_repository.go:13.61,15.2 1 0
podvibe/internal/repositories/playlist_repository.go:17.64,19.2 1 0
podvibe/internal/repositories/playlist_repository.go:21.74,23.77 2 0
podvibe/internal/repositories/playlist_repository.go:23.77,25.3 1 0
podvibe/internal/repositories/playlist_repository.go:26.2,26.16 1 0
podvibe/internal/repositories/playlist_repository.go:29.110,33.46 4 0
podvibe/internal/repositories/playlist_repository.go:33.46,35.3 1 0
podvibe/internal/repositories/playlist_repository.go:36.2,36.115 1 0
podvibe/internal/repositories/playlist_repository.go:36.115,38.3 1 0
podvibe/internal/repositories/playlist_repository.go:39.2,39.25 1 0
podvibe/internal/repositories/playlist_repository.go:42.71,44.2 1 0
podvibe/internal/repositories/playlist_repository.go:46.56,48.2 1 0
podvibe/internal/repositories/playlist_repository.go:50.111,54.46 4 0
podvibe/internal/repositories/playlist_repository.go:54.46,56.3 1 0
podvibe/internal/repositories/playlist_repository.go:57.2,57.128 1 0
podvibe/internal/repositories/playlist_repository.go:57.128,59.3 1 0
podvibe/internal/repositories/playlist_repository.go:60.2,60.25 1 0
podvibe/internal/repositories/playlist_repository.go:63.64,65.2 1 0
podvibe/internal/repositories/podcast_repository.go:13.59,15.2 1 0
podvibe/internal/repositories/podcast_repository.go:17.61,19.2 1 0
podvibe/internal/repositories/podcast_repository.go:21.72,23.77 2 0
podvibe/internal/repositories/podcast_repository.go:23.77,25.3 1 0
podvibe/internal/repositories/podcast_repository.go:26.2,26.16 1 0
podvibe/internal/repositories/podcast_repository.go:29.108,33.46 4 0
podvibe/internal/repositories/podcast_repository.go:33.46,35.3 1 0
podvibe/internal/repositories/podcast_repository.go:36.2,36.115 1 0
podvibe/internal/repositories/podcast_repository.go:36.115,38.3 1 0
podvibe/internal/repositories/podcast_repository.go:39.2,39.25 1 0
podvibe/internal/repositories/podcast_repository.go:42.89,44.2 1 0
podvibe/internal/repositories/podcast_repository.go:46.62,48.2 1 0
podvibe/internal/repositories/token_repository.go:15.55,17.2 1 0
podvibe/internal/repositories/token_repository.go:19.86,26.2 2 0
podvibe/internal/repositories/token_repository.go:28.54,30.2 1 0
podvibe/internal/repositories/token_repository.go:32.85,34.92 2 0
podvibe/internal/repositories/token_repository.go:34.92,35.36 1 0
podvibe/internal/repositories/token_repository.go:35.36,37.4 1 0
podvibe/internal/repositories/token_repository.go:38.3,38.25 1 0
podvibe/internal/repositories/token_repository.go:40.2,40.37 1 0
podvibe/internal/repositories/token_repository.go:40.37,42.3 1 0
podvibe/internal/repositories/token_repository.go:43.2,43.23 1 0
podvibe/internal/repositories/user_repository.go:15.53,17.2 1 0
podvibe/internal/repositories/user_repository.go:19.58,21.2 1 0
podvibe/internal/repositories/user_repository.go:23.74,25.71 2 0
podvibe/internal/repositories/user_repository.go:25.71,27.3 1 0
podvibe/internal/repositories/user_repository.go:28.2,28.16 1 0
podvibe/internal/repositories/user_repository.go:31.80,33.77 2 0
podvibe/internal/repositories/user_repository.go:33.77,35.3 1 0
podvibe/internal/repositories/user_repository.go:36.2,36.16 1 0
podvibe/internal/repositories/user_repository.go:39.66,41.49 2 0
podvibe/internal/repositories/user_repository.go:41.49,43.3 1 0
podvibe/internal/repositories/user_repository.go:44.2,44.16 1 0
podvibe/internal/repositories/user_repository.go:47.89,49.2 1 0
podvibe/internal/repositories/user_repository.go:51.97,57.46 4 0
podvibe/internal/repositories/user_repository.go:57.46,59.3 1 0
podvibe/internal/repositories/user_repository.go:60.2,63.34 1 0
podvibe/internal/repositories/user_repository.go:63.34,65.3 1 0
podvibe/internal/repositories/user_repository.go:66.2,66.26 1 0
podvibe/internal/repositories/user_repository.go:69.132,73.17 4 0
podvibe/internal/repositories/user_repository.go:73.17,75.3 1 0
podvibe/internal/repositories/user_repository.go:76.2,76.20 1 0
podvibe/internal/repositories/user_repository.go:76.20,78.3 1 0
podvibe/internal/repositories/user_repository.go:79.2,79.21 1 0
podvibe/internal/repositories/user_repository.go:79.21,81.3 1 0
podvibe/internal/repositories/user_repository.go:82.2,82.46 1 0
podvibe/internal/repositories/user_repository.go:82.46,84.3 1 0
podvibe/internal/repositories/user_repository.go:85.2,85.116 1 0
podvibe/internal/repositories/user_repository.go:85.116,87.3 1 0
podvibe/internal/repositories/user_repository.go:88.2,88.26 1 0
podvibe/internal/repositories/user_repository.go:91.67,93.2 1 0
podvibe/internal/repositories/user_repository.go:95.68,97.2 1 0
podvibe/internal/transcript/transcript.go:13.38,15.2 1 0
podvibe/internal/transcript/transcript.go:17.90,19.2 1 0
podvibe/internal/storage/local.go:15.58,16.49 1 0
podvibe/internal/storage/local.go:16.49,18.3 1 0
podvibe/internal/storage/local.go:19.2,19.39 1 0
podvibe/internal/storage/local.go:22.74,24.65 2 0
podvibe/internal/storage/local.go:24.65,26.3 1 0
podvibe/internal/storage/local.go:27.2,28.16 2 0
podvibe/internal/storage/local.go:28.16,30.3 1 0
podvibe/internal/storage/local.go:31.2,32.41 2 0
podvibe/internal/storage/local.go:32.41,34.3 1 0
podvibe/internal/storage/local.go:35.2,35.21 1 0
podvibe/internal/storage/local.go:38.58,40.2 1 0
podvibe/internal/services/admin_service.go:10.134,17.2 1 1
podvibe/internal/services/admin_service.go:19.47,21.2 1 1
podvibe/internal/services/admin_service.go:23.49,25.2 1 1
podvibe/internal/services/admin_service.go:27.53,29.2 1 0
podvibe/internal/services/admin_service.go:31.53,33.2 1 0
podvibe/internal/services/admin_service.go:35.72,37.2 1 0
podvibe/internal/services/auth_service.go:27.127,29.2 1 1
podvibe/internal/services/auth_service.go:37.100,39.16 2 1
podvibe/internal/services/auth_service.go:39.16,41.3 1 0
podvibe/internal/services/auth_service.go:43.2,50.45 2 1
podvibe/internal/services/auth_service.go:50.45,52.3 1 0
podvibe/internal/services/auth_service.go:53.2,53.31 1 1
podvibe/internal/services/auth_service.go:56.74,58.16 2 1
podvibe/internal/services/auth_service.go:58.16,59.45 1 0
podvibe/internal/services/auth_service.go:59.45,61.4 1 0
podvibe/internal/services/auth_service.go:62.3,62.18 1 0
podvibe/internal/services/auth_service.go:64.2,64.19 1 1
podvibe/internal/services/auth_service.go:64.19,66.3 1 0
podvibe/internal/services/auth_service.go:67.2,67.87 1 1
podvibe/internal/services/auth_service.go:67.87,69.3 1 0
podvibe/internal/services/auth_service.go:70.2,70.31 1 1
podvibe/internal/services/auth_service.go:73.73,75.16 2 1
podvibe/internal/services/auth_service.go:75.16,77.3 1 0
podvibe/internal/services/auth_service.go:78.2,78.29 1 1
podvibe/internal/services/auth_service.go:78.29,80.3 1 0
podvibe/internal/services/auth_service.go:81.2,82.16 2 1
podvibe/internal/services/auth_service.go:82.16,84.3 1 0
podvibe/internal/services/auth_service.go:85.2,86.16 2 1
podvibe/internal/services/auth_service.go:86.16,88.3 1 0
podvibe/internal/services/auth_service.go:89.2,89.19 1 1
podvibe/internal/services/auth_service.go:89.19,91.3 1 0
podvibe/internal/services/auth_service.go:93.2,93.54 1 1
podvibe/internal/services/auth_service.go:93.54,95.3 1 0
podvibe/internal/services/auth_service.go:96.2,96.31 1 1
podvibe/internal/services/auth_service.go:99.78,101.16 2 1
podvibe/internal/services/auth_service.go:101.16,103.3 1 0
podvibe/internal/services/auth_service.go:104.2,104.95 1 1
podvibe/internal/services/auth_service.go:104.95,106.3 1 0
podvibe/internal/services/auth_service.go:107.2,111.8 1 1
podvibe/internal/services/comment_service.go:15.124,17.2 1 1
podvibe/internal/services/comment_service.go:19.76,20.16 1 1
podvibe/internal/services/comment_service.go:20.16,22.3 1 0
podvibe/internal/services/comment_service.go:23.2,28.51 2 1
podvibe/internal/services/comment_service.go:28.51,30.3 1 0
podvibe/internal/services/comment_service.go:31.2,31.49 1 1
podvibe/internal/services/comment_service.go:34.107,36.2 1 0
podvibe/internal/services/comment_service.go:38.87,40.16 2 1
podvibe/internal/services/comment_service.go:40.16,42.3 1 0
podvibe/internal/services/comment_service.go:43.2,44.16 2 1
podvibe/internal/services/comment_service.go:44.16,46.3 1 0
podvibe/internal/services/comment_service.go:47.2,47.67 1 1
podvibe/internal/services/comment_service.go:47.67,49.3 1 0
podvibe/internal/services/comment_service.go:50.2,50.57 1 1
podvibe/internal/services/comment_service.go:50.57,52.3 1 0
podvibe/internal/services/comment_service.go:53.2,53.52 1 1
podvibe/internal/services/episode_service.go:18.104,20.2 1 1
podvibe/internal/services/episode_service.go:22.172,23.30 1 1
podvibe/internal/services/episode_service.go:23.30,25.3 1 1
podvibe/internal/services/episode_service.go:26.2,27.25 2 1
podvibe/internal/services/episode_service.go:27.25,29.14 2 1
podvibe/internal/services/episode_service.go:29.14,31.4 1 1
podvibe/internal/services/episode_service.go:33.2,40.59 2 1
podvibe/internal/services/episode_service.go:40.59,42.3 1 0
podvibe/internal/services/episode_service.go:43.2,44.16 2 1
podvibe/internal/services/episode_service.go:47.74,49.16 2 1
podvibe/internal/services/episode_service.go:49.16,52.3 2 0
podvibe/internal/services/episode_service.go:53.2,53.59 1 1
podvibe/internal/services/episode_service.go:56.64,58.2 1 0
podvibe/internal/services/episode_service.go:60.109,62.2 1 0
podvibe/internal/services/episode_service.go:64.49,66.2 1 1
podvibe/internal/services/episode_service.go:68.87,70.16 2 1
podvibe/internal/services/episode_service.go:70.16,72.3 1 0
podvibe/internal/services/episode_service.go:73.2,73.38 1 1
podvibe/internal/services/episode_service.go:73.38,75.3 1 1
podvibe/internal/services/episode_service.go:76.2,76.41 1 1
podvibe/internal/services/episode_service.go:79.87,81.2 1 0
podvibe/internal/services/episode_service.go:83.62,85.2 1 0
podvibe/internal/services/feed_service.go:21.187,28.2 1 1
podvibe/internal/services/feed_service.go:30.88,32.16 2 1
podvibe/internal/services/feed_service.go:32.16,34.3 1 0
podvibe/internal/services/feed_service.go:35.2,36.16 2 1
podvibe/internal/services/feed_service.go:36.16,38.3 1 0
podvibe/internal/services/feed_service.go:40.2,44.30 4 1
podvibe/internal/services/feed_service.go:44.30,46.10 2 1
podvibe/internal/services/feed_service.go:46.10,48.18 2 1
podvibe/internal/services/feed_service.go:48.18,49.13 1 0
podvibe/internal/services/feed_service.go:51.4,52.40 2 1
podvibe/internal/services/feed_service.go:54.3,55.10 2 1
podvibe/internal/services/feed_service.go:55.10,57.18 2 1
podvibe/internal/services/feed_service.go:57.18,58.13 1 0
podvibe/internal/services/feed_service.go:60.4,61.39 2 1
podvibe/internal/services/feed_service.go:63.3,67.5 1 1
podvibe/internal/services/feed_service.go:69.2,69.26 1 1
podvibe/internal/services/follow_service.go:12.78,14.2 1 1
podvibe/internal/services/follow_service.go:16.63,18.2 1 1
podvibe/internal/services/follow_service.go:20.65,22.2 1 1
podvibe/internal/services/follow_service.go:24.100,26.2 1 0
podvibe/internal/services/follow_service.go:28.100,30.2 1 1
podvibe/internal/services/follow_service.go:32.67,34.2 1 0
podvibe/internal/services/like_service.go:14.112,16.2 1 1
podvibe/internal/services/like_service.go:18.58,20.16 2 1
podvibe/internal/services/like_service.go:20.16,22.3 1 0
podvibe/internal/services/like_service.go:23.2,23.12 1 1
podvibe/internal/services/like_service.go:23.12,25.3 1 0
podvibe/internal/services/like_service.go:26.2,26.56 1 1
podvibe/internal/services/like_service.go:26.56,28.3 1 0
podvibe/internal/services/like_service.go:29.2,29.49 1 1
podvibe/internal/services/like_service.go:32.60,33.58 1 1
podvibe/internal/services/like_service.go:33.58,35.3 1 0
podvibe/internal/services/like_service.go:36.2,36.50 1 1
podvibe/internal/services/playlist_service.go:14.86,16.2 1 1
podvibe/internal/services/playlist_service.go:18.101,24.47 2 1
podvibe/internal/services/playlist_service.go:24.47,26.3 1 0
podvibe/internal/services/playlist_service.go:27.2,27.16 1 1
podvibe/internal/services/playlist_service.go:30.66,32.2 1 0
podvibe/internal/services/playlist_service.go:34.107,36.2 1 0
podvibe/internal/services/playlist_service.go:38.106,40.16 2 1
podvibe/internal/services/playlist_service.go:40.16,42.3 1 0
podvibe/internal/services/playlist_service.go:43.2,43.43 1 1
podvibe/internal/services/playlist_service.go:43.43,45.3 1 0
podvibe/internal/services/playlist_service.go:46.2,50.34 2 1
podvibe/internal/services/playlist_service.go:53.106,55.16 2 1
podvibe/internal/services/playlist_service.go:55.16,57.3 1 0
podvibe/internal/services/playlist_service.go:58.2,58.43 1 1
podvibe/internal/services/playlist_service.go:58.43,60.3 1 0
podvibe/internal/services/playlist_service.go:61.2,61.39 1 1
podvibe/internal/services/playlist_service.go:64.108,66.2 1 1
podvibe/internal/services/playlist_service.go:68.89,70.16 2 0
podvibe/internal/services/playlist_service.go:70.16,72.3 1 0
podvibe/internal/services/playlist_service.go:73.2,73.43 1 0
podvibe/internal/services/playlist_service.go:73.43,75.3 1 0
podvibe/internal/services/playlist_service.go:76.2,76.43 1 0
podvibe/internal/services/podcast_service.go:14.82,16.2 1 1
podvibe/internal/services/podcast_service.go:18.110,25.45 2 0
podvibe/internal/services/podcast_service.go:25.45,27.3 1 0
podvibe/internal/services/podcast_service.go:28.2,28.15 1 0
podvibe/internal/services/podcast_service.go:31.64,33.2 1 0
podvibe/internal/services/podcast_service.go:35.105,37.2 1 0
podvibe/internal/services/podcast_service.go:39.118,41.16 2 1
podvibe/internal/services/podcast_service.go:41.16,43.3 1 0
podvibe/internal/services/podcast_service.go:44.2,44.48 1 1
podvibe/internal/services/podcast_service.go:44.48,46.3 1 1
podvibe/internal/services/podcast_service.go:47.2,51.21 2 1
podvibe/internal/services/podcast_service.go:51.21,53.3 1 0
podvibe/internal/services/podcast_service.go:54.2,54.38 1 1
podvibe/internal/services/podcast_service.go:57.80,59.16 2 0
podvibe/internal/services/podcast_service.go:59.16,61.3 1 0
podvibe/internal/services/podcast_service.go:62.2,62.48 1 0
podvibe/internal/services/podcast_service.go:62.48,64.3 1 0
podvibe/internal/services/podcast_service.go:65.2,65.34 1 0
podvibe/internal/services/podcast_service.go:68.68,70.16 2 0
podvibe/internal/services/podcast_service.go:70.16,72.3 1 0
podvibe/internal/services/podcast_service.go:73.2,73.31 1 0
podvibe/internal/services/podcast_service.go:73.31,75.3 1 0
podvibe/internal/services/podcast_service.go:76.2,76.12 1 0
podvibe/internal/services/user_service.go:16.70,18.2 1 1
podvibe/internal/services/user_service.go:20.62,22.2 1 0
podvibe/internal/services/user_service.go:24.93,26.16 2 1
podvibe/internal/services/user_service.go:26.16,28.3 1 0
podvibe/internal/services/user_service.go:29.2,33.53 2 1
podvibe/internal/services/user_service.go:33.53,35.3 1 0
podvibe/internal/services/user_service.go:36.2,36.29 1 1
podvibe/internal/services/user_service.go:39.94,40.17 1 0
podvibe/internal/services/user_service.go:40.17,42.3 1 0
podvibe/internal/services/user_service.go:43.2,43.46 1 0
podvibe/internal/services/user_service.go:46.123,48.2 1 0
podvibe/internal/services/user_service.go:50.46,52.2 1 1
podvibe/internal/services/user_service.go:54.48,56.2 1 1
podvibe/internal/services/user_service.go:58.51,60.44 2 0
podvibe/internal/services/user_service.go:60.44,62.3 1 0
podvibe/internal/services/user_service.go:63.2,63.12 1 0
